// Jest Snapshot v1, https://goo.gl/fbAQLP

exports[`renders correctly 1`] = `
<div>
  <img
    alt="zidane"
    src="https://upload.wikimedia.org/wikipedia/commons/thumb/f/f3/Zinedine_Zidane_by_Tasnim_03.jpg/280px-Zinedine_Zidane_by_Tasnim_03.jpg"
  />
</div>
`;
